"001_01_x_menu_lz77.nbfs"
"002_01_title_lz77.nbfs"
"003_01_titlemenu_lz77.nbfs"
"003_02_haitatuin_lz77.nbfs"
"003_03_hushigina_card_lz77.nbfs"
"000_01_url_lz77.nbfs"
"004_01_mictest_lz77.nbfs"
"006_01_pokecenter_lz77.nbfs"
"007_01_pasocom_lz77.nbfs"
"018_01_battlebox_lz77.nbfs"
"028_02_ir_lz77.nbfs"
"028_01_unionroom_lz77.nbfs"
"009_01_wificlub_lz77.nbfs"
"010_01_globalterminal_lz77.nbfs"
"030_01_singlebattle_lz77.nbfs"
"031_01_doublebattle_lz77.nbfs"
"032_01_triplebattle_lz77.nbfs"
"032_02_idou_lz77.nbfs"
"033_01_rotationbattle_lz77.nbfs"
"033_02_kaitenmark_lz77.nbfs"
"034_01_support_lz77.nbfs"
"008_01_unionroom_lz77.nbfs"
"009_02_roomnonaka_lz77.nbfs"
"009_03_voicechat_lz77.nbfs"
"014_01_tomodati_techo_lz77.nbfs"
"014_02_nyuryoku_lz77.nbfs"
"012_01_cgear_power_lz77.nbfs"
"012_02_cgear_custom_lz77.nbfs"
"012_03_cgear_shitabou_lz77.nbfs"
"012_04_cgear_sankaku_lz77.nbfs"
"012_05_cgear_fukidashi_lz77.nbfs"
"012_06_cgear_egao_lz77.nbfs"
"012_07_cgear_tanin_lz77.nbfs"
"013_01_honbumae_lz77.nbfs"
"013_02_engraph_lz77.nbfs"
"013_03_chosamiru_lz77.nbfs"
"015_01_irmenu_lz77.nbfs"
"015_02_mukeau_lz77.nbfs"
"029_01_linktree_lz77.nbfs"
"029_02_linkbridge_lz77.nbfs"
"029_03_shitagamen_lz77.nbfs"
"029_04_mission_lz77.nbfs"
"035_01_exit_lz77.nbfs"
"019_01_taisetu_lz77.nbfs"
"019_02_motaseru_lz77.nbfs"
"020_02_ura_lz77.nbfs"
"020_03_badge_lz77.nbfs"
"021_01_zukan_lz77.nbfs"
"005_01_battle_lz77.nbfs"
"022_01_aishou_lz77.nbfs"
"000_01_wazabunrui_lz77.nbfs"
"024_01_oya_lz77.nbfs"
"024_02_are_lz77.nbfs"
"023_01_status_lz77.nbfs"
"011_01_run_lz77.nbfs"
"025_01_wireless_lz77.nbfs"
"025_02_yobidasi_lz77.nbfs"
"025_03_livecasterwificlub_lz77.nbfs"
"025_04_lockon_lz77.nbfs"
"025_05_migibutton_lz77.nbfs"
"026_01_badge_lz77.nbfs"
"026_02_iukoto_lz77.nbfs"
"027_01_benrimenu_lz77.nbfs"
"027_02_checkbox_lz77.nbfs"
"027_03_checkbox2_lz77.nbfs"
"027_04_select_lz77.nbfs"
"016_01_dsimenu_lz77.nbfs"
"016_02_erabu_lz77.nbfs"
"017_01_sitagamen_lz77.nbfs"
"017_02_uegamen_lz77.nbfs"
"017_03_kemuri_lz77.nbfs"
"bg_lz77.nbfs"
