001_01_x_menu.bmp
002_01_title_white.bmp
003_01_titlemenu.bmp
003_02_haitatuin.bmp
003_03_hushigina_card.bmp
038_01_battletaikai.bmp
000_01_url.bmp
018_01_battlebox.bmp
043_01_wifisettei.bmp
004_01_mictest.bmp
006_01_pokecenter.bmp
007_01_pasocom.bmp
028_02_ir.bmp
028_01_unionroom.bmp
009_01_wificlub.bmp
010_01_globalterminal.bmp
030_01_singlebattle.bmp
031_01_doublebattle.bmp
032_01_triplebattle.bmp
032_02_idou.bmp
033_01_rotationbattle.bmp
033_02_kaitenmark.bmp
034_01_support.bmp
008_01_unionroom.bmp
009_02_roomnonaka.bmp
009_03_voicechat.bmp
014_01_tomodati_techo.bmp
014_02_nyuryoku.bmp
012_01_cgear_power.bmp
012_02_cgear_custom.bmp
012_03_cgear_shitabou.bmp
012_04_cgear_sankaku.bmp
012_05_cgear_fukidashi.bmp
012_06_cgear_egao.bmp
012_07_cgear_tanin.bmp
013_01_honbumae.bmp
013_02_engraph.bmp
015_02_mukeau.bmp
039_01_gamesync.bmp
040_01_wireless.bmp
029_02_linkbridge.bmp
029_03_shitagamen.bmp
029_04_mission.bmp
029_05_jump.bmp
029_01_linktree.bmp
019_01_taisetu.bmp
019_02_motaseru.bmp
021_01_zukan.bmp
005_01_battle.bmp
022_01_aishou.bmp
000_01_wazabunrui.bmp
024_01_oya.bmp
024_02_are.bmp
023_01_status.bmp
041_01_pokerus.bmp
042_01_dowsing.bmp
025_02_yobidasi.bmp
025_03_livecasterwificlub.bmp
025_04_lockon.bmp
025_05_migibutton.bmp
026_01_badge.bmp
027_01_benrimenu.bmp
027_02_checkbox.bmp
027_04_select.bmp
016_01_dsimenu.bmp
016_02_erabu.bmp
017_01_sitagamen.bmp
017_02_uegamen.bmp
017_03_kemuri.bmp
bg.bmp
