"mini_fusen_ccwin.NCGR"
"mini_fusen_ccwin.NSCR"
"mini_fusen_bottom.NCGR"
"mini_fusen_bottom.NSCR"
"mini_fusen_bottom.NCLR"
"mini_fusen_top.NCLR"
"mini_fusen_pokefusen.NCLR"
"mini_fusen_akafusen.NCGR"
"mini_fusen_akafusen.NSCR"
"mini_fusen_kiirofusen.NCGR"
"mini_fusen_kiirofusen.NSCR"
"mini_fusen_midorifusen.NCGR"
"mini_fusen_midorifusen.NSCR"
"mini_fusen_bg.NCGR"
"mini_fusen_bg.NSCR"
"mini_fusen_pipe2p.NSCR"
"mini_fusen_pipe3p.NSCR"
"mini_fusen_pipe4p.NSCR"
"mini_fusen_window.NCGR"
"mini_fusen_window.NSCR"
"mini_fusen_obj.NCGR"
"mini_fusen_obj.NANR"
"mini_fusen_obj.NCER"
"mini_fusen_obj.NCLR"
"mini_fusen_ccobj.NCGR"
"mini_fusen_ccobj.NANR"
"mini_fusen_ccobj.NCER"
"mini_fusen_ccobj.NCLR"
"sonans-polygon.nsbmd"
"sonans.nsbtx"
"sonans_daiza.nsbmd"
"sonans_pipe_g.nsbmd"
"sonans_pipe_r.nsbmd"
"sonans_pipe_b.nsbmd"
"sonans_pipe_y.nsbmd"
"sonans-ball1.nsbca"
"sonans-ball2.nsbca"
"sonans-ball3.nsbca"
"sonans-ball4.nsbca"
"sonans-ball1r.nsbmd"
"sonans-ball2r.nsbmd"
"sonans-ball3r.nsbmd"
"sonans-ball4r.nsbmd"
"sonans-ball1g.nsbmd"
"sonans-ball2g.nsbmd"
"sonans-ball3g.nsbmd"
"sonans-ball4g.nsbmd"
"sonans-ball1b.nsbmd"
"sonans-ball2b.nsbmd"
"sonans-ball3b.nsbmd"
"sonans-ball4b.nsbmd"
"sonans-ball1y.nsbmd"
"sonans-ball2y.nsbmd"
"sonans-ball3y.nsbmd"
"sonans-ball4y.nsbmd"
"aim.NCGR"
"aim.NANR"
"aim.NCER"
"aim.NCLR"
