trwb_tanpan,PTL_SEX_MALE
trwb_mini,PTL_SEX_FEMALE
trwb_schoolb,PTL_SEX_MALE
trwb_schoolg,PTL_SEX_FEMALE
trwb_tennis,PTL_SEX_FEMALE
trwb_football,PTL_SEX_MALE
trwb_waiter,PTL_SEX_MALE
trwb_waitress,PTL_SEX_FEMALE
trwb_leader1a,PTL_SEX_MALE
trwb_leader1c,PTL_SEX_MALE
trwb_leader1b,PTL_SEX_MALE
trwb_childcare,PTL_SEX_FEMALE
trwb_kindergartenw,PTL_SEX_FEMALE
trwb_kindergartenm,PTL_SEX_MALE
trwb_futago,PTL_SEX_FEMALE
trwb_breederm,PTL_SEX_MALE
trwb_breederw,PTL_SEX_FEMALE
trwb_leader2,PTL_SEX_FEMALE
trwb_leader3,PTL_SEX_MALE
trwb_leader4,PTL_SEX_FEMALE
trwb_leader5,PTL_SEX_MALE
trwb_leader6,PTL_SEX_FEMALE
trwb_rangerm,PTL_SEX_MALE
trwb_rangerw,PTL_SEX_FEMALE
trwb_worker2,PTL_SEX_MALE
trwb_backpackerm,PTL_SEX_MALE
trwb_backpackerw,PTL_SEX_FEMALE
trwb_fishing,PTL_SEX_MALE
trwb_musician,PTL_SEX_MALE
trwb_dancer,PTL_SEX_MALE
trwb_juggling,PTL_SEX_MALE
trwb_artist,PTL_SEX_MALE
trwb_baker,PTL_SEX_FEMALE
trwb_espm,PTL_SEX_MALE
trwb_espw,PTL_SEX_FEMALE
trwb_rival,PTL_SEX_MALE
trwb_support,PTL_SEX_FEMALE
trwb_hakaim1,PTL_SEX_MALE
trwb_boss,PTL_SEX_MALE
trwb_prince,PTL_SEX_MALE
trwb_princess,PTL_SEX_FEMALE
trwb_pilot,PTL_SEX_MALE
trwb_worker1,PTL_SEX_MALE
trwb_basket,PTL_SEX_MALE
trwb_scientistw,PTL_SEX_FEMALE
trwb_ol,PTL_SEX_FEMALE
trwb_elitew,PTL_SEX_FEMALE
trwb_elitem,PTL_SEX_MALE
trwb_karate,PTL_SEX_MALE
trwb_scientistm,PTL_SEX_MALE
trwb_soccer,PTL_SEX_MALE
trwb_leader7,PTL_SEX_MALE
trwb_leader8a,PTL_SEX_FEMALE
trwb_leader8b,PTL_SEX_MALE
trwb_heads,PTL_SEX_MALE
trwb_cleaning,PTL_SEX_MALE
trwb_daisukim,PTL_SEX_MALE
trwb_daisukiw,PTL_SEX_FEMALE
trwb_doctor,PTL_SEX_MALE
trwb_nurse,PTL_SEX_FEMALE
trwb_badteam,PTL_SEX_MALE
trwb_battleg,PTL_SEX_FEMALE
trwb_parasol,PTL_SEX_FEMALE
trwb_business1,PTL_SEX_MALE
trwb_business2,PTL_SEX_MALE
trwb_fanm,PTL_SEX_MALE
trwb_fanw,PTL_SEX_FEMALE
trwb_veteranm,PTL_SEX_MALE
trwb_veteranw,PTL_SEX_FEMALE
trwb_badrider,PTL_SEX_MALE
trwb_baseball,PTL_SEX_MALE
trwb_mount,PTL_SEX_MALE
trwb_madam,PTL_SEX_FEMALE
trwb_gentle,PTL_SEX_MALE
trwb_hakaiw1,PTL_SEX_FEMALE
trwb_bigfour1,PTL_SEX_MALE
trwb_bigfour3,PTL_SEX_MALE
trwb_bigfour2,PTL_SEX_MALE
trwb_bigfour4,PTL_SEX_MALE
trwb_sage1,PTL_SEX_MALE
