"back_01a.NCLR"
"back_01b.NCLR"
"back_01c.NCLR"
"back_02a.NCLR"
"back_02b.NCLR"
"back_02c.NCLR"

"back_01a_01.NCGR"
"back_01a_02.NCGR"
"back_01b_01.NCGR"
"back_01b_02.NCGR"
"back_01c_01.NCGR"
"back_01c_02.NCGR"
"back_02a_01.NCGR"
"back_02a_02.NCGR"
"back_02b_01.NCGR"
"back_02b_02.NCGR"
"back_02c_01.NCGR"
"back_02c_02.NCGR"

"chara_doctor_d.NCLR"
"chara_player_f.NCLR"
"chara_player_m.NCLR"
"chara_rival.NCLR"
"chara_support.NCLR"
"chara_mother.NCLR"
"chara_doctor_d_1.NCGR"
"chara_doctor_d_2.NCGR"
"chara_player_f_1.NCGR"
"chara_player_f_2.NCGR"
"chara_player_m_1.NCGR"
"chara_player_m_2.NCGR"
"chara_rival_1.NCGR"
"chara_rival_2.NCGR"
"chara_support_1.NCGR"
"chara_support_2.NCGR"
"chara_mother_1.NCGR"
"chara_mother_2.NCGR"

"dummy.NCGR"
"local_tvt_scr_2.NSCR"
"local_tvt_scr_4.NSCR"

"obj_doctor_d.NCLR"
"obj_doctor_d.NCGR"
"obj_doctor_d.NCER"
"obj_doctor_d.NANR"
"obj_mother.NCLR"
"obj_mother.NCGR"
"obj_mother.NCER"
"obj_mother.NANR"
"obj_player_f.NCLR"
"obj_player_f.NCGR"
"obj_player_f.NCER"
"obj_player_f.NANR"
"obj_player_m.NCLR"
"obj_player_m.NCGR"
"obj_player_m.NCER"
"obj_player_m.NANR"
"obj_rival.NCLR"
"obj_rival.NCGR"
"obj_rival.NCER"
"obj_rival.NANR"
"obj_support.NCLR"
"obj_support.NCGR"
"obj_support.NCER"
"obj_support.NANR"

"tvt_script_01.bin"
"tvt_script_02.bin"
"tvt_script_03.bin"
"tvt_script_04.bin"
"tvt_script_05.bin"
"tvt_script_06.bin"
