jyoto/201/pfwb_201_unb_m.ncg
jyoto/201/pfwb_201_unb_f.ncg
jyoto/201/pfwb_201c_unb_m.ncg
jyoto/201/pfwb_201c_unb_f.ncg
jyoto/201/pfwb_201_unb.nce
jyoto/201/pfwb_201_unb.nmc
jyoto/201/pbwb_201_unb_m.ncg
jyoto/201/pbwb_201_unb_f.ncg
jyoto/201/pbwb_201c_unb_m.ncg
jyoto/201/pbwb_201c_unb_f.ncg
jyoto/201/pbwb_201_unb.nce
jyoto/201/pbwb_201_unb.nmc
jyoto/201/pmwb_201_unb_n.ncl
jyoto/201/pmwb_201_unb_r.ncl
jyoto/201/pfwb_201_unc_m.ncg
jyoto/201/pfwb_201_unc_f.ncg
jyoto/201/pfwb_201c_unc_m.ncg
jyoto/201/pfwb_201c_unc_f.ncg
jyoto/201/pfwb_201_unc.nce
jyoto/201/pfwb_201_unc.nmc
jyoto/201/pbwb_201_unc_m.ncg
jyoto/201/pbwb_201_unc_f.ncg
jyoto/201/pbwb_201c_unc_m.ncg
jyoto/201/pbwb_201c_unc_f.ncg
jyoto/201/pbwb_201_unc.nce
jyoto/201/pbwb_201_unc.nmc
jyoto/201/pmwb_201_unc_n.ncl
jyoto/201/pmwb_201_unc_r.ncl
jyoto/201/pfwb_201_und_m.ncg
jyoto/201/pfwb_201_und_f.ncg
jyoto/201/pfwb_201c_und_m.ncg
jyoto/201/pfwb_201c_und_f.ncg
jyoto/201/pfwb_201_und.nce
jyoto/201/pfwb_201_und.nmc
jyoto/201/pbwb_201_und_m.ncg
jyoto/201/pbwb_201_und_f.ncg
jyoto/201/pbwb_201c_und_m.ncg
jyoto/201/pbwb_201c_und_f.ncg
jyoto/201/pbwb_201_und.nce
jyoto/201/pbwb_201_und.nmc
jyoto/201/pmwb_201_und_n.ncl
jyoto/201/pmwb_201_und_r.ncl
jyoto/201/pfwb_201_une_m.ncg
jyoto/201/pfwb_201_une_f.ncg
jyoto/201/pfwb_201c_une_m.ncg
jyoto/201/pfwb_201c_une_f.ncg
jyoto/201/pfwb_201_une.nce
jyoto/201/pfwb_201_une.nmc
jyoto/201/pbwb_201_une_m.ncg
jyoto/201/pbwb_201_une_f.ncg
jyoto/201/pbwb_201c_une_m.ncg
jyoto/201/pbwb_201c_une_f.ncg
jyoto/201/pbwb_201_une.nce
jyoto/201/pbwb_201_une.nmc
jyoto/201/pmwb_201_une_n.ncl
jyoto/201/pmwb_201_une_r.ncl
jyoto/201/pfwb_201_unf_m.ncg
jyoto/201/pfwb_201_unf_f.ncg
jyoto/201/pfwb_201c_unf_m.ncg
jyoto/201/pfwb_201c_unf_f.ncg
jyoto/201/pfwb_201_unf.nce
jyoto/201/pfwb_201_unf.nmc
jyoto/201/pbwb_201_unf_m.ncg
jyoto/201/pbwb_201_unf_f.ncg
jyoto/201/pbwb_201c_unf_m.ncg
jyoto/201/pbwb_201c_unf_f.ncg
jyoto/201/pbwb_201_unf.nce
jyoto/201/pbwb_201_unf.nmc
jyoto/201/pmwb_201_unf_n.ncl
jyoto/201/pmwb_201_unf_r.ncl
jyoto/201/pfwb_201_ung_m.ncg
jyoto/201/pfwb_201_ung_f.ncg
jyoto/201/pfwb_201c_ung_m.ncg
jyoto/201/pfwb_201c_ung_f.ncg
jyoto/201/pfwb_201_ung.nce
jyoto/201/pfwb_201_ung.nmc
jyoto/201/pbwb_201_ung_m.ncg
jyoto/201/pbwb_201_ung_f.ncg
jyoto/201/pbwb_201c_ung_m.ncg
jyoto/201/pbwb_201c_ung_f.ncg
jyoto/201/pbwb_201_ung.nce
jyoto/201/pbwb_201_ung.nmc
jyoto/201/pmwb_201_ung_n.ncl
jyoto/201/pmwb_201_ung_r.ncl
jyoto/201/pfwb_201_unh_m.ncg
jyoto/201/pfwb_201_unh_f.ncg
jyoto/201/pfwb_201c_unh_m.ncg
jyoto/201/pfwb_201c_unh_f.ncg
jyoto/201/pfwb_201_unh.nce
jyoto/201/pfwb_201_unh.nmc
jyoto/201/pbwb_201_unh_m.ncg
jyoto/201/pbwb_201_unh_f.ncg
jyoto/201/pbwb_201c_unh_m.ncg
jyoto/201/pbwb_201c_unh_f.ncg
jyoto/201/pbwb_201_unh.nce
jyoto/201/pbwb_201_unh.nmc
jyoto/201/pmwb_201_unh_n.ncl
jyoto/201/pmwb_201_unh_r.ncl
jyoto/201/pfwb_201_uni_m.ncg
jyoto/201/pfwb_201_uni_f.ncg
jyoto/201/pfwb_201c_uni_m.ncg
jyoto/201/pfwb_201c_uni_f.ncg
jyoto/201/pfwb_201_uni.nce
jyoto/201/pfwb_201_uni.nmc
jyoto/201/pbwb_201_uni_m.ncg
jyoto/201/pbwb_201_uni_f.ncg
jyoto/201/pbwb_201c_uni_m.ncg
jyoto/201/pbwb_201c_uni_f.ncg
jyoto/201/pbwb_201_uni.nce
jyoto/201/pbwb_201_uni.nmc
jyoto/201/pmwb_201_uni_n.ncl
jyoto/201/pmwb_201_uni_r.ncl
jyoto/201/pfwb_201_unj_m.ncg
jyoto/201/pfwb_201_unj_f.ncg
jyoto/201/pfwb_201c_unj_m.ncg
jyoto/201/pfwb_201c_unj_f.ncg
jyoto/201/pfwb_201_unj.nce
jyoto/201/pfwb_201_unj.nmc
jyoto/201/pbwb_201_unj_m.ncg
jyoto/201/pbwb_201_unj_f.ncg
jyoto/201/pbwb_201c_unj_m.ncg
jyoto/201/pbwb_201c_unj_f.ncg
jyoto/201/pbwb_201_unj.nce
jyoto/201/pbwb_201_unj.nmc
jyoto/201/pmwb_201_unj_n.ncl
jyoto/201/pmwb_201_unj_r.ncl
jyoto/201/pfwb_201_unk_m.ncg
jyoto/201/pfwb_201_unk_f.ncg
jyoto/201/pfwb_201c_unk_m.ncg
jyoto/201/pfwb_201c_unk_f.ncg
jyoto/201/pfwb_201_unk.nce
jyoto/201/pfwb_201_unk.nmc
jyoto/201/pbwb_201_unk_m.ncg
jyoto/201/pbwb_201_unk_f.ncg
jyoto/201/pbwb_201c_unk_m.ncg
jyoto/201/pbwb_201c_unk_f.ncg
jyoto/201/pbwb_201_unk.nce
jyoto/201/pbwb_201_unk.nmc
jyoto/201/pmwb_201_unk_n.ncl
jyoto/201/pmwb_201_unk_r.ncl
jyoto/201/pfwb_201_unl_m.ncg
jyoto/201/pfwb_201_unl_f.ncg
jyoto/201/pfwb_201c_unl_m.ncg
jyoto/201/pfwb_201c_unl_f.ncg
jyoto/201/pfwb_201_unl.nce
jyoto/201/pfwb_201_unl.nmc
jyoto/201/pbwb_201_unl_m.ncg
jyoto/201/pbwb_201_unl_f.ncg
jyoto/201/pbwb_201c_unl_m.ncg
jyoto/201/pbwb_201c_unl_f.ncg
jyoto/201/pbwb_201_unl.nce
jyoto/201/pbwb_201_unl.nmc
jyoto/201/pmwb_201_unl_n.ncl
jyoto/201/pmwb_201_unl_r.ncl
jyoto/201/pfwb_201_unm_m.ncg
jyoto/201/pfwb_201_unm_f.ncg
jyoto/201/pfwb_201c_unm_m.ncg
jyoto/201/pfwb_201c_unm_f.ncg
jyoto/201/pfwb_201_unm.nce
jyoto/201/pfwb_201_unm.nmc
jyoto/201/pbwb_201_unm_m.ncg
jyoto/201/pbwb_201_unm_f.ncg
jyoto/201/pbwb_201c_unm_m.ncg
jyoto/201/pbwb_201c_unm_f.ncg
jyoto/201/pbwb_201_unm.nce
jyoto/201/pbwb_201_unm.nmc
jyoto/201/pmwb_201_unm_n.ncl
jyoto/201/pmwb_201_unm_r.ncl
jyoto/201/pfwb_201_unn_m.ncg
jyoto/201/pfwb_201_unn_f.ncg
jyoto/201/pfwb_201c_unn_m.ncg
jyoto/201/pfwb_201c_unn_f.ncg
jyoto/201/pfwb_201_unn.nce
jyoto/201/pfwb_201_unn.nmc
jyoto/201/pbwb_201_unn_m.ncg
jyoto/201/pbwb_201_unn_f.ncg
jyoto/201/pbwb_201c_unn_m.ncg
jyoto/201/pbwb_201c_unn_f.ncg
jyoto/201/pbwb_201_unn.nce
jyoto/201/pbwb_201_unn.nmc
jyoto/201/pmwb_201_unn_n.ncl
jyoto/201/pmwb_201_unn_r.ncl
jyoto/201/pfwb_201_uno_m.ncg
jyoto/201/pfwb_201_uno_f.ncg
jyoto/201/pfwb_201c_uno_m.ncg
jyoto/201/pfwb_201c_uno_f.ncg
jyoto/201/pfwb_201_uno.nce
jyoto/201/pfwb_201_uno.nmc
jyoto/201/pbwb_201_uno_m.ncg
jyoto/201/pbwb_201_uno_f.ncg
jyoto/201/pbwb_201c_uno_m.ncg
jyoto/201/pbwb_201c_uno_f.ncg
jyoto/201/pbwb_201_uno.nce
jyoto/201/pbwb_201_uno.nmc
jyoto/201/pmwb_201_uno_n.ncl
jyoto/201/pmwb_201_uno_r.ncl
jyoto/201/pfwb_201_unp_m.ncg
jyoto/201/pfwb_201_unp_f.ncg
jyoto/201/pfwb_201c_unp_m.ncg
jyoto/201/pfwb_201c_unp_f.ncg
jyoto/201/pfwb_201_unp.nce
jyoto/201/pfwb_201_unp.nmc
jyoto/201/pbwb_201_unp_m.ncg
jyoto/201/pbwb_201_unp_f.ncg
jyoto/201/pbwb_201c_unp_m.ncg
jyoto/201/pbwb_201c_unp_f.ncg
jyoto/201/pbwb_201_unp.nce
jyoto/201/pbwb_201_unp.nmc
jyoto/201/pmwb_201_unp_n.ncl
jyoto/201/pmwb_201_unp_r.ncl
jyoto/201/pfwb_201_unq_m.ncg
jyoto/201/pfwb_201_unq_f.ncg
jyoto/201/pfwb_201c_unq_m.ncg
jyoto/201/pfwb_201c_unq_f.ncg
jyoto/201/pfwb_201_unq.nce
jyoto/201/pfwb_201_unq.nmc
jyoto/201/pbwb_201_unq_m.ncg
jyoto/201/pbwb_201_unq_f.ncg
jyoto/201/pbwb_201c_unq_m.ncg
jyoto/201/pbwb_201c_unq_f.ncg
jyoto/201/pbwb_201_unq.nce
jyoto/201/pbwb_201_unq.nmc
jyoto/201/pmwb_201_unq_n.ncl
jyoto/201/pmwb_201_unq_r.ncl
jyoto/201/pfwb_201_unr_m.ncg
jyoto/201/pfwb_201_unr_f.ncg
jyoto/201/pfwb_201c_unr_m.ncg
jyoto/201/pfwb_201c_unr_f.ncg
jyoto/201/pfwb_201_unr.nce
jyoto/201/pfwb_201_unr.nmc
jyoto/201/pbwb_201_unr_m.ncg
jyoto/201/pbwb_201_unr_f.ncg
jyoto/201/pbwb_201c_unr_m.ncg
jyoto/201/pbwb_201c_unr_f.ncg
jyoto/201/pbwb_201_unr.nce
jyoto/201/pbwb_201_unr.nmc
jyoto/201/pmwb_201_unr_n.ncl
jyoto/201/pmwb_201_unr_r.ncl
jyoto/201/pfwb_201_uns_m.ncg
jyoto/201/pfwb_201_uns_f.ncg
jyoto/201/pfwb_201c_uns_m.ncg
jyoto/201/pfwb_201c_uns_f.ncg
jyoto/201/pfwb_201_uns.nce
jyoto/201/pfwb_201_uns.nmc
jyoto/201/pbwb_201_uns_m.ncg
jyoto/201/pbwb_201_uns_f.ncg
jyoto/201/pbwb_201c_uns_m.ncg
jyoto/201/pbwb_201c_uns_f.ncg
jyoto/201/pbwb_201_uns.nce
jyoto/201/pbwb_201_uns.nmc
jyoto/201/pmwb_201_uns_n.ncl
jyoto/201/pmwb_201_uns_r.ncl
jyoto/201/pfwb_201_unt_m.ncg
jyoto/201/pfwb_201_unt_f.ncg
jyoto/201/pfwb_201c_unt_m.ncg
jyoto/201/pfwb_201c_unt_f.ncg
jyoto/201/pfwb_201_unt.nce
jyoto/201/pfwb_201_unt.nmc
jyoto/201/pbwb_201_unt_m.ncg
jyoto/201/pbwb_201_unt_f.ncg
jyoto/201/pbwb_201c_unt_m.ncg
jyoto/201/pbwb_201c_unt_f.ncg
jyoto/201/pbwb_201_unt.nce
jyoto/201/pbwb_201_unt.nmc
jyoto/201/pmwb_201_unt_n.ncl
jyoto/201/pmwb_201_unt_r.ncl
jyoto/201/pfwb_201_unu_m.ncg
jyoto/201/pfwb_201_unu_f.ncg
jyoto/201/pfwb_201c_unu_m.ncg
jyoto/201/pfwb_201c_unu_f.ncg
jyoto/201/pfwb_201_unu.nce
jyoto/201/pfwb_201_unu.nmc
jyoto/201/pbwb_201_unu_m.ncg
jyoto/201/pbwb_201_unu_f.ncg
jyoto/201/pbwb_201c_unu_m.ncg
jyoto/201/pbwb_201c_unu_f.ncg
jyoto/201/pbwb_201_unu.nce
jyoto/201/pbwb_201_unu.nmc
jyoto/201/pmwb_201_unu_n.ncl
jyoto/201/pmwb_201_unu_r.ncl
jyoto/201/pfwb_201_unv_m.ncg
jyoto/201/pfwb_201_unv_f.ncg
jyoto/201/pfwb_201c_unv_m.ncg
jyoto/201/pfwb_201c_unv_f.ncg
jyoto/201/pfwb_201_unv.nce
jyoto/201/pfwb_201_unv.nmc
jyoto/201/pbwb_201_unv_m.ncg
jyoto/201/pbwb_201_unv_f.ncg
jyoto/201/pbwb_201c_unv_m.ncg
jyoto/201/pbwb_201c_unv_f.ncg
jyoto/201/pbwb_201_unv.nce
jyoto/201/pbwb_201_unv.nmc
jyoto/201/pmwb_201_unv_n.ncl
jyoto/201/pmwb_201_unv_r.ncl
jyoto/201/pfwb_201_unw_m.ncg
jyoto/201/pfwb_201_unw_f.ncg
jyoto/201/pfwb_201c_unw_m.ncg
jyoto/201/pfwb_201c_unw_f.ncg
jyoto/201/pfwb_201_unw.nce
jyoto/201/pfwb_201_unw.nmc
jyoto/201/pbwb_201_unw_m.ncg
jyoto/201/pbwb_201_unw_f.ncg
jyoto/201/pbwb_201c_unw_m.ncg
jyoto/201/pbwb_201c_unw_f.ncg
jyoto/201/pbwb_201_unw.nce
jyoto/201/pbwb_201_unw.nmc
jyoto/201/pmwb_201_unw_n.ncl
jyoto/201/pmwb_201_unw_r.ncl
jyoto/201/pfwb_201_unx_m.ncg
jyoto/201/pfwb_201_unx_f.ncg
jyoto/201/pfwb_201c_unx_m.ncg
jyoto/201/pfwb_201c_unx_f.ncg
jyoto/201/pfwb_201_unx.nce
jyoto/201/pfwb_201_unx.nmc
jyoto/201/pbwb_201_unx_m.ncg
jyoto/201/pbwb_201_unx_f.ncg
jyoto/201/pbwb_201c_unx_m.ncg
jyoto/201/pbwb_201c_unx_f.ncg
jyoto/201/pbwb_201_unx.nce
jyoto/201/pbwb_201_unx.nmc
jyoto/201/pmwb_201_unx_n.ncl
jyoto/201/pmwb_201_unx_r.ncl
jyoto/201/pfwb_201_uny_m.ncg
jyoto/201/pfwb_201_uny_f.ncg
jyoto/201/pfwb_201c_uny_m.ncg
jyoto/201/pfwb_201c_uny_f.ncg
jyoto/201/pfwb_201_uny.nce
jyoto/201/pfwb_201_uny.nmc
jyoto/201/pbwb_201_uny_m.ncg
jyoto/201/pbwb_201_uny_f.ncg
jyoto/201/pbwb_201c_uny_m.ncg
jyoto/201/pbwb_201c_uny_f.ncg
jyoto/201/pbwb_201_uny.nce
jyoto/201/pbwb_201_uny.nmc
jyoto/201/pmwb_201_uny_n.ncl
jyoto/201/pmwb_201_uny_r.ncl
jyoto/201/pfwb_201_unz_m.ncg
jyoto/201/pfwb_201_unz_f.ncg
jyoto/201/pfwb_201c_unz_m.ncg
jyoto/201/pfwb_201c_unz_f.ncg
jyoto/201/pfwb_201_unz.nce
jyoto/201/pfwb_201_unz.nmc
jyoto/201/pbwb_201_unz_m.ncg
jyoto/201/pbwb_201_unz_f.ncg
jyoto/201/pbwb_201c_unz_m.ncg
jyoto/201/pbwb_201c_unz_f.ncg
jyoto/201/pbwb_201_unz.nce
jyoto/201/pbwb_201_unz.nmc
jyoto/201/pmwb_201_unz_n.ncl
jyoto/201/pmwb_201_unz_r.ncl
jyoto/201/pfwb_201_exc_m.ncg
jyoto/201/pfwb_201_exc_f.ncg
jyoto/201/pfwb_201c_exc_m.ncg
jyoto/201/pfwb_201c_exc_f.ncg
jyoto/201/pfwb_201_exc.nce
jyoto/201/pfwb_201_exc.nmc
jyoto/201/pbwb_201_exc_m.ncg
jyoto/201/pbwb_201_exc_f.ncg
jyoto/201/pbwb_201c_exc_m.ncg
jyoto/201/pbwb_201c_exc_f.ncg
jyoto/201/pbwb_201_exc.nce
jyoto/201/pbwb_201_exc.nmc
jyoto/201/pmwb_201_exc_n.ncl
jyoto/201/pmwb_201_exc_r.ncl
jyoto/201/pfwb_201_que_m.ncg
jyoto/201/pfwb_201_que_f.ncg
jyoto/201/pfwb_201c_que_m.ncg
jyoto/201/pfwb_201c_que_f.ncg
jyoto/201/pfwb_201_que.nce
jyoto/201/pfwb_201_que.nmc
jyoto/201/pbwb_201_que_m.ncg
jyoto/201/pbwb_201_que_f.ncg
jyoto/201/pbwb_201c_que_m.ncg
jyoto/201/pbwb_201c_que_f.ncg
jyoto/201/pbwb_201_que.nce
jyoto/201/pbwb_201_que.nmc
jyoto/201/pmwb_201_que_n.ncl
jyoto/201/pmwb_201_que_r.ncl
houen/351/pfwb_351_sun_m.ncg
houen/351/pfwb_351_sun_f.ncg
houen/351/pfwb_351c_sun_m.ncg
houen/351/pfwb_351c_sun_f.ncg
houen/351/pfwb_351_sun.nce
houen/351/pfwb_351_sun.nmc
houen/351/pbwb_351_sun_m.ncg
houen/351/pbwb_351_sun_f.ncg
houen/351/pbwb_351c_sun_m.ncg
houen/351/pbwb_351c_sun_f.ncg
houen/351/pbwb_351_sun.nce
houen/351/pbwb_351_sun.nmc
houen/351/pmwb_351_sun_n.ncl
houen/351/pmwb_351_sun_r.ncl
houen/351/pfwb_351_rain_m.ncg
houen/351/pfwb_351_rain_f.ncg
houen/351/pfwb_351c_rain_m.ncg
houen/351/pfwb_351c_rain_f.ncg
houen/351/pfwb_351_rain.nce
houen/351/pfwb_351_rain.nmc
houen/351/pbwb_351_rain_m.ncg
houen/351/pbwb_351_rain_f.ncg
houen/351/pbwb_351c_rain_m.ncg
houen/351/pbwb_351c_rain_f.ncg
houen/351/pbwb_351_rain.nce
houen/351/pbwb_351_rain.nmc
houen/351/pmwb_351_rain_n.ncl
houen/351/pmwb_351_rain_r.ncl
houen/351/pfwb_351_snow_m.ncg
houen/351/pfwb_351_snow_f.ncg
houen/351/pfwb_351c_snow_m.ncg
houen/351/pfwb_351c_snow_f.ncg
houen/351/pfwb_351_snow.nce
houen/351/pfwb_351_snow.nmc
houen/351/pbwb_351_snow_m.ncg
houen/351/pbwb_351_snow_f.ncg
houen/351/pbwb_351c_snow_m.ncg
houen/351/pbwb_351c_snow_f.ncg
houen/351/pbwb_351_snow.nce
houen/351/pbwb_351_snow.nmc
houen/351/pmwb_351_snow_n.ncl
houen/351/pmwb_351_snow_r.ncl
houen/386/pfwb_386_attack_m.ncg
houen/386/pfwb_386_attack_f.ncg
houen/386/pfwb_386c_attack_m.ncg
houen/386/pfwb_386c_attack_f.ncg
houen/386/pfwb_386_attack.nce
houen/386/pfwb_386_attack.nmc
houen/386/pbwb_386_attack_m.ncg
houen/386/pbwb_386_attack_f.ncg
houen/386/pbwb_386c_attack_m.ncg
houen/386/pbwb_386c_attack_f.ncg
houen/386/pbwb_386_attack.nce
houen/386/pbwb_386_attack.nmc
houen/386/pmwb_386_attack_n.ncl
houen/386/pmwb_386_attack_r.ncl
houen/386/pfwb_386_defence_m.ncg
houen/386/pfwb_386_defence_f.ncg
houen/386/pfwb_386c_defence_m.ncg
houen/386/pfwb_386c_defence_f.ncg
houen/386/pfwb_386_defence.nce
houen/386/pfwb_386_defence.nmc
houen/386/pbwb_386_defence_m.ncg
houen/386/pbwb_386_defence_f.ncg
houen/386/pbwb_386c_defence_m.ncg
houen/386/pbwb_386c_defence_f.ncg
houen/386/pbwb_386_defence.nce
houen/386/pbwb_386_defence.nmc
houen/386/pmwb_386_defence_n.ncl
houen/386/pmwb_386_defence_r.ncl
houen/386/pfwb_386_speed_m.ncg
houen/386/pfwb_386_speed_f.ncg
houen/386/pfwb_386c_speed_m.ncg
houen/386/pfwb_386c_speed_f.ncg
houen/386/pfwb_386_speed.nce
houen/386/pfwb_386_speed.nmc
houen/386/pbwb_386_speed_m.ncg
houen/386/pbwb_386_speed_f.ncg
houen/386/pbwb_386c_speed_m.ncg
houen/386/pbwb_386c_speed_f.ncg
houen/386/pbwb_386_speed.nce
houen/386/pbwb_386_speed.nmc
houen/386/pmwb_386_speed_n.ncl
houen/386/pmwb_386_speed_r.ncl
shinou/412/pfwb_412_suna_m.ncg
shinou/412/pfwb_412_suna_f.ncg
shinou/412/pfwb_412c_suna_m.ncg
shinou/412/pfwb_412c_suna_f.ncg
shinou/412/pfwb_412_suna.nce
shinou/412/pfwb_412_suna.nmc
shinou/412/pbwb_412_suna_m.ncg
shinou/412/pbwb_412_suna_f.ncg
shinou/412/pbwb_412c_suna_m.ncg
shinou/412/pbwb_412c_suna_f.ncg
shinou/412/pbwb_412_suna.nce
shinou/412/pbwb_412_suna.nmc
shinou/412/pmwb_412_suna_n.ncl
shinou/412/pmwb_412_suna_r.ncl
shinou/412/pfwb_412_gomi_m.ncg
shinou/412/pfwb_412_gomi_f.ncg
shinou/412/pfwb_412c_gomi_m.ncg
shinou/412/pfwb_412c_gomi_f.ncg
shinou/412/pfwb_412_gomi.nce
shinou/412/pfwb_412_gomi.nmc
shinou/412/pbwb_412_gomi_m.ncg
shinou/412/pbwb_412_gomi_f.ncg
shinou/412/pbwb_412c_gomi_m.ncg
shinou/412/pbwb_412c_gomi_f.ncg
shinou/412/pbwb_412_gomi.nce
shinou/412/pbwb_412_gomi.nmc
shinou/412/pmwb_412_gomi_n.ncl
shinou/412/pmwb_412_gomi_r.ncl
shinou/413/pfwb_413_jimen_m.ncg
shinou/413/pfwb_413_jimen_f.ncg
shinou/413/pfwb_413c_jimen_m.ncg
shinou/413/pfwb_413c_jimen_f.ncg
shinou/413/pfwb_413_jimen.nce
shinou/413/pfwb_413_jimen.nmc
shinou/413/pbwb_413_jimen_m.ncg
shinou/413/pbwb_413_jimen_f.ncg
shinou/413/pbwb_413c_jimen_m.ncg
shinou/413/pbwb_413c_jimen_f.ncg
shinou/413/pbwb_413_jimen.nce
shinou/413/pbwb_413_jimen.nmc
shinou/413/pmwb_413_jimen_n.ncl
shinou/413/pmwb_413_jimen_r.ncl
shinou/413/pfwb_413_hagane_m.ncg
shinou/413/pfwb_413_hagane_f.ncg
shinou/413/pfwb_413c_hagane_m.ncg
shinou/413/pfwb_413c_hagane_f.ncg
shinou/413/pfwb_413_hagane.nce
shinou/413/pfwb_413_hagane.nmc
shinou/413/pbwb_413_hagane_m.ncg
shinou/413/pbwb_413_hagane_f.ncg
shinou/413/pbwb_413c_hagane_m.ncg
shinou/413/pbwb_413c_hagane_f.ncg
shinou/413/pbwb_413_hagane.nce
shinou/413/pbwb_413_hagane.nmc
shinou/413/pmwb_413_hagane_n.ncl
shinou/413/pmwb_413_hagane_r.ncl
shinou/421/pfwb_421_posi_m.ncg
shinou/421/pfwb_421_posi_f.ncg
shinou/421/pfwb_421c_posi_m.ncg
shinou/421/pfwb_421c_posi_f.ncg
shinou/421/pfwb_421_posi.nce
shinou/421/pfwb_421_posi.nmc
shinou/421/pbwb_421_posi_m.ncg
shinou/421/pbwb_421_posi_f.ncg
shinou/421/pbwb_421c_posi_m.ncg
shinou/421/pbwb_421c_posi_f.ncg
shinou/421/pbwb_421_posi.nce
shinou/421/pbwb_421_posi.nmc
shinou/421/pmwb_421_posi_n.ncl
shinou/421/pmwb_421_posi_r.ncl
shinou/422/pfwb_422_east_m.ncg
shinou/422/pfwb_422_east_f.ncg
shinou/422/pfwb_422c_east_m.ncg
shinou/422/pfwb_422c_east_f.ncg
shinou/422/pfwb_422_east.nce
shinou/422/pfwb_422_east.nmc
shinou/422/pbwb_422_east_m.ncg
shinou/422/pbwb_422_east_f.ncg
shinou/422/pbwb_422c_east_m.ncg
shinou/422/pbwb_422c_east_f.ncg
shinou/422/pbwb_422_east.nce
shinou/422/pbwb_422_east.nmc
shinou/422/pmwb_422_east_n.ncl
shinou/422/pmwb_422_east_r.ncl
shinou/423/pfwb_423_east_m.ncg
shinou/423/pfwb_423_east_f.ncg
shinou/423/pfwb_423c_east_m.ncg
shinou/423/pfwb_423c_east_f.ncg
shinou/423/pfwb_423_east.nce
shinou/423/pfwb_423_east.nmc
shinou/423/pbwb_423_east_m.ncg
shinou/423/pbwb_423_east_f.ncg
shinou/423/pbwb_423c_east_m.ncg
shinou/423/pbwb_423c_east_f.ncg
shinou/423/pbwb_423_east.nce
shinou/423/pbwb_423_east.nmc
shinou/423/pmwb_423_east_n.ncl
shinou/423/pmwb_423_east_r.ncl
shinou/479/pfwb_479_hot_m.ncg
shinou/479/pfwb_479_hot_f.ncg
shinou/479/pfwb_479c_hot_m.ncg
shinou/479/pfwb_479c_hot_f.ncg
shinou/479/pfwb_479_hot.nce
shinou/479/pfwb_479_hot.nmc
shinou/479/pbwb_479_hot_m.ncg
shinou/479/pbwb_479_hot_f.ncg
shinou/479/pbwb_479c_hot_m.ncg
shinou/479/pbwb_479c_hot_f.ncg
shinou/479/pbwb_479_hot.nce
shinou/479/pbwb_479_hot.nmc
shinou/479/pmwb_479_hot_n.ncl
shinou/479/pmwb_479_hot_r.ncl
shinou/479/pfwb_479_wash_m.ncg
shinou/479/pfwb_479_wash_f.ncg
shinou/479/pfwb_479c_wash_m.ncg
shinou/479/pfwb_479c_wash_f.ncg
shinou/479/pfwb_479_wash.nce
shinou/479/pfwb_479_wash.nmc
shinou/479/pbwb_479_wash_m.ncg
shinou/479/pbwb_479_wash_f.ncg
shinou/479/pbwb_479c_wash_m.ncg
shinou/479/pbwb_479c_wash_f.ncg
shinou/479/pbwb_479_wash.nce
shinou/479/pbwb_479_wash.nmc
shinou/479/pmwb_479_wash_n.ncl
shinou/479/pmwb_479_wash_r.ncl
shinou/479/pfwb_479_cold_m.ncg
shinou/479/pfwb_479_cold_f.ncg
shinou/479/pfwb_479c_cold_m.ncg
shinou/479/pfwb_479c_cold_f.ncg
shinou/479/pfwb_479_cold.nce
shinou/479/pfwb_479_cold.nmc
shinou/479/pbwb_479_cold_m.ncg
shinou/479/pbwb_479_cold_f.ncg
shinou/479/pbwb_479c_cold_m.ncg
shinou/479/pbwb_479c_cold_f.ncg
shinou/479/pbwb_479_cold.nce
shinou/479/pbwb_479_cold.nmc
shinou/479/pmwb_479_cold_n.ncl
shinou/479/pmwb_479_cold_r.ncl
shinou/479/pfwb_479_fan_m.ncg
shinou/479/pfwb_479_fan_f.ncg
shinou/479/pfwb_479c_fan_m.ncg
shinou/479/pfwb_479c_fan_f.ncg
shinou/479/pfwb_479_fan.nce
shinou/479/pfwb_479_fan.nmc
shinou/479/pbwb_479_fan_m.ncg
shinou/479/pbwb_479_fan_f.ncg
shinou/479/pbwb_479c_fan_m.ncg
shinou/479/pbwb_479c_fan_f.ncg
shinou/479/pbwb_479_fan.nce
shinou/479/pbwb_479_fan.nmc
shinou/479/pmwb_479_fan_n.ncl
shinou/479/pmwb_479_fan_r.ncl
shinou/479/pfwb_479_cut_m.ncg
shinou/479/pfwb_479_cut_f.ncg
shinou/479/pfwb_479c_cut_m.ncg
shinou/479/pfwb_479c_cut_f.ncg
shinou/479/pfwb_479_cut.nce
shinou/479/pfwb_479_cut.nmc
shinou/479/pbwb_479_cut_m.ncg
shinou/479/pbwb_479_cut_f.ncg
shinou/479/pbwb_479c_cut_m.ncg
shinou/479/pbwb_479c_cut_f.ncg
shinou/479/pbwb_479_cut.nce
shinou/479/pbwb_479_cut.nmc
shinou/479/pmwb_479_cut_n.ncl
shinou/479/pmwb_479_cut_r.ncl
shinou/487/pfwb_487_origin_m.ncg
shinou/487/pfwb_487_origin_f.ncg
shinou/487/pfwb_487c_origin_m.ncg
shinou/487/pfwb_487c_origin_f.ncg
shinou/487/pfwb_487_origin.nce
shinou/487/pfwb_487_origin.nmc
shinou/487/pbwb_487_origin_m.ncg
shinou/487/pbwb_487_origin_f.ncg
shinou/487/pbwb_487c_origin_m.ncg
shinou/487/pbwb_487c_origin_f.ncg
shinou/487/pbwb_487_origin.nce
shinou/487/pbwb_487_origin.nmc
shinou/487/pmwb_487_origin_n.ncl
shinou/487/pmwb_487_origin_r.ncl
shinou/492/pfwb_492_sky_m.ncg
shinou/492/pfwb_492_sky_f.ncg
shinou/492/pfwb_492c_sky_m.ncg
shinou/492/pfwb_492c_sky_f.ncg
shinou/492/pfwb_492_sky.nce
shinou/492/pfwb_492_sky.nmc
shinou/492/pbwb_492_sky_m.ncg
shinou/492/pbwb_492_sky_f.ncg
shinou/492/pbwb_492c_sky_m.ncg
shinou/492/pbwb_492c_sky_f.ncg
shinou/492/pbwb_492_sky.nce
shinou/492/pbwb_492_sky.nmc
shinou/492/pmwb_492_sky_n.ncl
shinou/492/pmwb_492_sky_r.ncl
shinou/493/pfwb_493_battle_m.ncg
shinou/493/pfwb_493_battle_f.ncg
shinou/493/pfwb_493c_battle_m.ncg
shinou/493/pfwb_493c_battle_f.ncg
shinou/493/pfwb_493_battle.nce
shinou/493/pfwb_493_battle.nmc
shinou/493/pbwb_493_battle_m.ncg
shinou/493/pbwb_493_battle_f.ncg
shinou/493/pbwb_493c_battle_m.ncg
shinou/493/pbwb_493c_battle_f.ncg
shinou/493/pbwb_493_battle.nce
shinou/493/pbwb_493_battle.nmc
shinou/493/pmwb_493_battle_n.ncl
shinou/493/pmwb_493_battle_r.ncl
shinou/493/pfwb_493_hikou_m.ncg
shinou/493/pfwb_493_hikou_f.ncg
shinou/493/pfwb_493c_hikou_m.ncg
shinou/493/pfwb_493c_hikou_f.ncg
shinou/493/pfwb_493_hikou.nce
shinou/493/pfwb_493_hikou.nmc
shinou/493/pbwb_493_hikou_m.ncg
shinou/493/pbwb_493_hikou_f.ncg
shinou/493/pbwb_493c_hikou_m.ncg
shinou/493/pbwb_493c_hikou_f.ncg
shinou/493/pbwb_493_hikou.nce
shinou/493/pbwb_493_hikou.nmc
shinou/493/pmwb_493_hikou_n.ncl
shinou/493/pmwb_493_hikou_r.ncl
shinou/493/pfwb_493_poison_m.ncg
shinou/493/pfwb_493_poison_f.ncg
shinou/493/pfwb_493c_poison_m.ncg
shinou/493/pfwb_493c_poison_f.ncg
shinou/493/pfwb_493_poison.nce
shinou/493/pfwb_493_poison.nmc
shinou/493/pbwb_493_poison_m.ncg
shinou/493/pbwb_493_poison_f.ncg
shinou/493/pbwb_493c_poison_m.ncg
shinou/493/pbwb_493c_poison_f.ncg
shinou/493/pbwb_493_poison.nce
shinou/493/pbwb_493_poison.nmc
shinou/493/pmwb_493_poison_n.ncl
shinou/493/pmwb_493_poison_r.ncl
shinou/493/pfwb_493_jimen_m.ncg
shinou/493/pfwb_493_jimen_f.ncg
shinou/493/pfwb_493c_jimen_m.ncg
shinou/493/pfwb_493c_jimen_f.ncg
shinou/493/pfwb_493_jimen.nce
shinou/493/pfwb_493_jimen.nmc
shinou/493/pbwb_493_jimen_m.ncg
shinou/493/pbwb_493_jimen_f.ncg
shinou/493/pbwb_493c_jimen_m.ncg
shinou/493/pbwb_493c_jimen_f.ncg
shinou/493/pbwb_493_jimen.nce
shinou/493/pbwb_493_jimen.nmc
shinou/493/pmwb_493_jimen_n.ncl
shinou/493/pmwb_493_jimen_r.ncl
shinou/493/pfwb_493_iwa_m.ncg
shinou/493/pfwb_493_iwa_f.ncg
shinou/493/pfwb_493c_iwa_m.ncg
shinou/493/pfwb_493c_iwa_f.ncg
shinou/493/pfwb_493_iwa.nce
shinou/493/pfwb_493_iwa.nmc
shinou/493/pbwb_493_iwa_m.ncg
shinou/493/pbwb_493_iwa_f.ncg
shinou/493/pbwb_493c_iwa_m.ncg
shinou/493/pbwb_493c_iwa_f.ncg
shinou/493/pbwb_493_iwa.nce
shinou/493/pbwb_493_iwa.nmc
shinou/493/pmwb_493_iwa_n.ncl
shinou/493/pmwb_493_iwa_r.ncl
shinou/493/pfwb_493_mushi_m.ncg
shinou/493/pfwb_493_mushi_f.ncg
shinou/493/pfwb_493c_mushi_m.ncg
shinou/493/pfwb_493c_mushi_f.ncg
shinou/493/pfwb_493_mushi.nce
shinou/493/pfwb_493_mushi.nmc
shinou/493/pbwb_493_mushi_m.ncg
shinou/493/pbwb_493_mushi_f.ncg
shinou/493/pbwb_493c_mushi_m.ncg
shinou/493/pbwb_493c_mushi_f.ncg
shinou/493/pbwb_493_mushi.nce
shinou/493/pbwb_493_mushi.nmc
shinou/493/pmwb_493_mushi_n.ncl
shinou/493/pmwb_493_mushi_r.ncl
shinou/493/pfwb_493_ghost_m.ncg
shinou/493/pfwb_493_ghost_f.ncg
shinou/493/pfwb_493c_ghost_m.ncg
shinou/493/pfwb_493c_ghost_f.ncg
shinou/493/pfwb_493_ghost.nce
shinou/493/pfwb_493_ghost.nmc
shinou/493/pbwb_493_ghost_m.ncg
shinou/493/pbwb_493_ghost_f.ncg
shinou/493/pbwb_493c_ghost_m.ncg
shinou/493/pbwb_493c_ghost_f.ncg
shinou/493/pbwb_493_ghost.nce
shinou/493/pbwb_493_ghost.nmc
shinou/493/pmwb_493_ghost_n.ncl
shinou/493/pmwb_493_ghost_r.ncl
shinou/493/pfwb_493_metal_m.ncg
shinou/493/pfwb_493_metal_f.ncg
shinou/493/pfwb_493c_metal_m.ncg
shinou/493/pfwb_493c_metal_f.ncg
shinou/493/pfwb_493_metal.nce
shinou/493/pfwb_493_metal.nmc
shinou/493/pbwb_493_metal_m.ncg
shinou/493/pbwb_493_metal_f.ncg
shinou/493/pbwb_493c_metal_m.ncg
shinou/493/pbwb_493c_metal_f.ncg
shinou/493/pbwb_493_metal.nce
shinou/493/pbwb_493_metal.nmc
shinou/493/pmwb_493_metal_n.ncl
shinou/493/pmwb_493_metal_r.ncl
shinou/493/pfwb_493_hate_m.ncg
shinou/493/pfwb_493_hate_f.ncg
shinou/493/pfwb_493c_hate_m.ncg
shinou/493/pfwb_493c_hate_f.ncg
shinou/493/pfwb_493_hate.nce
shinou/493/pfwb_493_hate.nmc
shinou/493/pbwb_493_hate_m.ncg
shinou/493/pbwb_493_hate_f.ncg
shinou/493/pbwb_493c_hate_m.ncg
shinou/493/pbwb_493c_hate_f.ncg
shinou/493/pbwb_493_hate.nce
shinou/493/pbwb_493_hate.nmc
shinou/493/pmwb_493_hate_n.ncl
shinou/493/pmwb_493_hate_r.ncl
shinou/493/pfwb_493_fire_m.ncg
shinou/493/pfwb_493_fire_f.ncg
shinou/493/pfwb_493c_fire_m.ncg
shinou/493/pfwb_493c_fire_f.ncg
shinou/493/pfwb_493_fire.nce
shinou/493/pfwb_493_fire.nmc
shinou/493/pbwb_493_fire_m.ncg
shinou/493/pbwb_493_fire_f.ncg
shinou/493/pbwb_493c_fire_m.ncg
shinou/493/pbwb_493c_fire_f.ncg
shinou/493/pbwb_493_fire.nce
shinou/493/pbwb_493_fire.nmc
shinou/493/pmwb_493_fire_n.ncl
shinou/493/pmwb_493_fire_r.ncl
shinou/493/pfwb_493_water_m.ncg
shinou/493/pfwb_493_water_f.ncg
shinou/493/pfwb_493c_water_m.ncg
shinou/493/pfwb_493c_water_f.ncg
shinou/493/pfwb_493_water.nce
shinou/493/pfwb_493_water.nmc
shinou/493/pbwb_493_water_m.ncg
shinou/493/pbwb_493_water_f.ncg
shinou/493/pbwb_493c_water_m.ncg
shinou/493/pbwb_493c_water_f.ncg
shinou/493/pbwb_493_water.nce
shinou/493/pbwb_493_water.nmc
shinou/493/pmwb_493_water_n.ncl
shinou/493/pmwb_493_water_r.ncl
shinou/493/pfwb_493_kusa_m.ncg
shinou/493/pfwb_493_kusa_f.ncg
shinou/493/pfwb_493c_kusa_m.ncg
shinou/493/pfwb_493c_kusa_f.ncg
shinou/493/pfwb_493_kusa.nce
shinou/493/pfwb_493_kusa.nmc
shinou/493/pbwb_493_kusa_m.ncg
shinou/493/pbwb_493_kusa_f.ncg
shinou/493/pbwb_493c_kusa_m.ncg
shinou/493/pbwb_493c_kusa_f.ncg
shinou/493/pbwb_493_kusa.nce
shinou/493/pbwb_493_kusa.nmc
shinou/493/pmwb_493_kusa_n.ncl
shinou/493/pmwb_493_kusa_r.ncl
shinou/493/pfwb_493_electric_m.ncg
shinou/493/pfwb_493_electric_f.ncg
shinou/493/pfwb_493c_electric_m.ncg
shinou/493/pfwb_493c_electric_f.ncg
shinou/493/pfwb_493_electric.nce
shinou/493/pfwb_493_electric.nmc
shinou/493/pbwb_493_electric_m.ncg
shinou/493/pbwb_493_electric_f.ncg
shinou/493/pbwb_493c_electric_m.ncg
shinou/493/pbwb_493c_electric_f.ncg
shinou/493/pbwb_493_electric.nce
shinou/493/pbwb_493_electric.nmc
shinou/493/pmwb_493_electric_n.ncl
shinou/493/pmwb_493_electric_r.ncl
shinou/493/pfwb_493_esper_m.ncg
shinou/493/pfwb_493_esper_f.ncg
shinou/493/pfwb_493c_esper_m.ncg
shinou/493/pfwb_493c_esper_f.ncg
shinou/493/pfwb_493_esper.nce
shinou/493/pfwb_493_esper.nmc
shinou/493/pbwb_493_esper_m.ncg
shinou/493/pbwb_493_esper_f.ncg
shinou/493/pbwb_493c_esper_m.ncg
shinou/493/pbwb_493c_esper_f.ncg
shinou/493/pbwb_493_esper.nce
shinou/493/pbwb_493_esper.nmc
shinou/493/pmwb_493_esper_n.ncl
shinou/493/pmwb_493_esper_r.ncl
shinou/493/pfwb_493_koori_m.ncg
shinou/493/pfwb_493_koori_f.ncg
shinou/493/pfwb_493c_koori_m.ncg
shinou/493/pfwb_493c_koori_f.ncg
shinou/493/pfwb_493_koori.nce
shinou/493/pfwb_493_koori.nmc
shinou/493/pbwb_493_koori_m.ncg
shinou/493/pbwb_493_koori_f.ncg
shinou/493/pbwb_493c_koori_m.ncg
shinou/493/pbwb_493c_koori_f.ncg
shinou/493/pbwb_493_koori.nce
shinou/493/pbwb_493_koori.nmc
shinou/493/pmwb_493_koori_n.ncl
shinou/493/pmwb_493_koori_r.ncl
shinou/493/pfwb_493_dragon_m.ncg
shinou/493/pfwb_493_dragon_f.ncg
shinou/493/pfwb_493c_dragon_m.ncg
shinou/493/pfwb_493c_dragon_f.ncg
shinou/493/pfwb_493_dragon.nce
shinou/493/pfwb_493_dragon.nmc
shinou/493/pbwb_493_dragon_m.ncg
shinou/493/pbwb_493_dragon_f.ncg
shinou/493/pbwb_493c_dragon_m.ncg
shinou/493/pbwb_493c_dragon_f.ncg
shinou/493/pbwb_493_dragon.nce
shinou/493/pbwb_493_dragon.nmc
shinou/493/pmwb_493_dragon_n.ncl
shinou/493/pmwb_493_dragon_r.ncl
shinou/493/pfwb_493_aku_m.ncg
shinou/493/pfwb_493_aku_f.ncg
shinou/493/pfwb_493c_aku_m.ncg
shinou/493/pfwb_493c_aku_f.ncg
shinou/493/pfwb_493_aku.nce
shinou/493/pfwb_493_aku.nmc
shinou/493/pbwb_493_aku_m.ncg
shinou/493/pbwb_493_aku_f.ncg
shinou/493/pbwb_493c_aku_m.ncg
shinou/493/pbwb_493c_aku_f.ncg
shinou/493/pbwb_493_aku.nce
shinou/493/pbwb_493_aku.nmc
shinou/493/pmwb_493_aku_n.ncl
shinou/493/pmwb_493_aku_r.ncl
