WAVE_ARC_PMWB_551		: AUTO, "PMWB_551.swls"
WAVE_ARC_PMWB_552		: AUTO, "PMWB_552.swls"
WAVE_ARC_PMWB_553		: AUTO, "PMWB_553.swls"
WAVE_ARC_PMWB_554		: AUTO, "PMWB_554.swls"
WAVE_ARC_PMWB_555		: AUTO, "PMWB_555.swls"
WAVE_ARC_PMWB_556		: AUTO, "PMWB_556.swls"
WAVE_ARC_PMWB_557		: AUTO, "PMWB_557.swls"
WAVE_ARC_PMWB_558		: AUTO, "PMWB_558.swls"
WAVE_ARC_PMWB_559		: AUTO, "PMWB_559.swls"
WAVE_ARC_PMWB_537		: AUTO, "PMWB_537.swls"
WAVE_ARC_PMWB_538		: AUTO, "PMWB_538.swls"
WAVE_ARC_PMWB_590		: AUTO, "PMWB_590.swls"
WAVE_ARC_PMWB_591		: AUTO, "PMWB_591.swls"
WAVE_ARC_PMWB_592		: AUTO, "PMWB_592.swls"
WAVE_ARC_PMWB_546		: AUTO, "PMWB_546.swls"
WAVE_ARC_PMWB_547		: AUTO, "PMWB_547.swls"
WAVE_ARC_PMWB_593		: AUTO, "PMWB_593.swls"
WAVE_ARC_PMWB_594		: AUTO, "PMWB_594.swls"
WAVE_ARC_PMWB_595		: AUTO, "PMWB_595.swls"
WAVE_ARC_PMWB_596		: AUTO, "PMWB_596.swls"
WAVE_ARC_PMWB_597		: AUTO, "PMWB_597.swls"
WAVE_ARC_PMWB_598		: AUTO, "PMWB_598.swls"
WAVE_ARC_PMWB_540		: AUTO, "PMWB_540.swls"
WAVE_ARC_PMWB_516		: AUTO, "PMWB_516.swls"
WAVE_ARC_PMWB_514		: AUTO, "PMWB_514.swls"
WAVE_ARC_PMWB_518		: AUTO, "PMWB_518.swls"
WAVE_ARC_PMWB_512		: AUTO, "PMWB_512.swls"
WAVE_ARC_PMWB_548		: AUTO, "PMWB_548.swls"
WAVE_ARC_PMWB_549		: AUTO, "PMWB_549.swls"
WAVE_ARC_PMWB_550		: AUTO, "PMWB_550.swls"
WAVE_ARC_PMWB_570		: AUTO, "PMWB_570.swls"
WAVE_ARC_PMWB_515		: AUTO, "PMWB_515.swls"
WAVE_ARC_PMWB_600		: AUTO, "PMWB_600.swls"
WAVE_ARC_PMWB_601		: AUTO, "PMWB_601.swls"
WAVE_ARC_PMWB_602		: AUTO, "PMWB_602.swls"
WAVE_ARC_PMWB_520		: AUTO, "PMWB_520.swls"
WAVE_ARC_PMWB_535		: AUTO, "PMWB_535.swls"
WAVE_ARC_PMWB_626		: AUTO, "PMWB_626.swls"
WAVE_ARC_PMWB_627		: AUTO, "PMWB_627.swls"
WAVE_ARC_PMWB_628		: AUTO, "PMWB_628.swls"
WAVE_ARC_PMWB_502		: AUTO, "PMWB_502.swls"
WAVE_ARC_PMWB_543		: AUTO, "PMWB_543.swls"
WAVE_ARC_PMWB_599		: AUTO, "PMWB_599.swls"
WAVE_ARC_PMWB_586		: AUTO, "PMWB_586.swls"
WAVE_ARC_PMWB_587		: AUTO, "PMWB_587.swls"
WAVE_ARC_PMWB_588		: AUTO, "PMWB_588.swls"
WAVE_ARC_PMWB_575		: AUTO, "PMWB_575.swls"
WAVE_ARC_PMWB_576		: AUTO, "PMWB_576.swls"
WAVE_ARC_PMWB_507		: AUTO, "PMWB_507.swls"
WAVE_ARC_PMWB_524		: AUTO, "PMWB_524.swls"
WAVE_ARC_PMWB_508		: AUTO, "PMWB_508.swls"
WAVE_ARC_PMWB_521		: AUTO, "PMWB_521.swls"
WAVE_ARC_PMWB_522		: AUTO, "PMWB_522.swls"
WAVE_ARC_PMWB_517		: AUTO, "PMWB_517.swls"
WAVE_ARC_PMWB_519		: AUTO, "PMWB_519.swls"
WAVE_ARC_PMWB_603		: AUTO, "PMWB_603.swls"
WAVE_ARC_PMWB_528		: AUTO, "PMWB_528.swls"
WAVE_ARC_PMWB_503		: AUTO, "PMWB_503.swls"
WAVE_ARC_PMWB_504		: AUTO, "PMWB_504.swls"
WAVE_ARC_PMWB_505		: AUTO, "PMWB_505.swls"
WAVE_ARC_PMWB_506		: AUTO, "PMWB_506.swls"
WAVE_ARC_PMWB_523		: AUTO, "PMWB_523.swls"
WAVE_ARC_PMWB_568		: AUTO, "PMWB_568.swls"
WAVE_ARC_PMWB_569		: AUTO, "PMWB_569.swls"
WAVE_ARC_PMWB_539		: AUTO, "PMWB_539.swls"
WAVE_ARC_PMWB_526		: AUTO, "PMWB_526.swls"
WAVE_ARC_PMWB_510		: AUTO, "PMWB_510.swls"
WAVE_ARC_PMWB_604		: AUTO, "PMWB_604.swls"
WAVE_ARC_PMWB_605		: AUTO, "PMWB_605.swls"
WAVE_ARC_PMWB_622		: AUTO, "PMWB_622.swls"
WAVE_ARC_PMWB_623		: AUTO, "PMWB_623.swls"
WAVE_ARC_PMWB_624		: AUTO, "PMWB_624.swls"
WAVE_ARC_PMWB_625		: AUTO, "PMWB_625.swls"
WAVE_ARC_PMWB_573		: AUTO, "PMWB_573.swls"
WAVE_ARC_PMWB_574		: AUTO, "PMWB_574.swls"
WAVE_ARC_PMWB_533		: AUTO, "PMWB_533.swls"
WAVE_ARC_PMWB_534		: AUTO, "PMWB_534.swls"
WAVE_ARC_PMWB_637		: AUTO, "PMWB_637.swls"
WAVE_ARC_PMWB_638		: AUTO, "PMWB_638.swls"
WAVE_ARC_PMWB_606		: AUTO, "PMWB_606.swls"
WAVE_ARC_PMWB_607		: AUTO, "PMWB_607.swls"
WAVE_ARC_PMWB_608		: AUTO, "PMWB_608.swls"
WAVE_ARC_PMWB_583		: AUTO, "PMWB_583.swls"
WAVE_ARC_PMWB_584		: AUTO, "PMWB_584.swls"
WAVE_ARC_PMWB_585		: AUTO, "PMWB_585.swls"
WAVE_ARC_PMWB_577		: AUTO, "PMWB_577.swls"
WAVE_ARC_PMWB_578		: AUTO, "PMWB_578.swls"
WAVE_ARC_PMWB_560		: AUTO, "PMWB_560.swls"
WAVE_ARC_PMWB_609		: AUTO, "PMWB_609.swls"
WAVE_ARC_PMWB_610		: AUTO, "PMWB_610.swls"
WAVE_ARC_PMWB_611		: AUTO, "PMWB_611.swls"
WAVE_ARC_PMWB_612		: AUTO, "PMWB_612.swls"
WAVE_ARC_PMWB_613		: AUTO, "PMWB_613.swls"
WAVE_ARC_PMWB_511		: AUTO, "PMWB_511.swls"
WAVE_ARC_PMWB_527		: AUTO, "PMWB_527.swls"
WAVE_ARC_PMWB_571		: AUTO, "PMWB_571.swls"
WAVE_ARC_PMWB_572		: AUTO, "PMWB_572.swls"
WAVE_ARC_PMWB_580		: AUTO, "PMWB_580.swls"
WAVE_ARC_PMWB_581		: AUTO, "PMWB_581.swls"
WAVE_ARC_PMWB_541		: AUTO, "PMWB_541.swls"
WAVE_ARC_PMWB_542		: AUTO, "PMWB_542.swls"
WAVE_ARC_PMWB_509		: AUTO, "PMWB_509.swls"
WAVE_ARC_PMWB_513		: AUTO, "PMWB_513.swls"
WAVE_ARC_PMWB_536		: AUTO, "PMWB_536.swls"
WAVE_ARC_PMWB_501		: AUTO, "PMWB_501.swls"
WAVE_ARC_PMWB_614		: AUTO, "PMWB_614.swls"
WAVE_ARC_PMWB_615		: AUTO, "PMWB_615.swls"
WAVE_ARC_PMWB_616		: AUTO, "PMWB_616.swls"
WAVE_ARC_PMWB_617		: AUTO, "PMWB_617.swls"
WAVE_ARC_PMWB_618		: AUTO, "PMWB_618.swls"
WAVE_ARC_PMWB_544		: AUTO, "PMWB_544.swls"
WAVE_ARC_PMWB_545		: AUTO, "PMWB_545.swls"
WAVE_ARC_PMWB_579		: AUTO, "PMWB_579.swls"
WAVE_ARC_PMWB_619		: AUTO, "PMWB_619.swls"
WAVE_ARC_PMWB_620		: AUTO, "PMWB_620.swls"
WAVE_ARC_PMWB_563		: AUTO, "PMWB_563.swls"
WAVE_ARC_PMWB_564		: AUTO, "PMWB_564.swls"
WAVE_ARC_PMWB_565		: AUTO, "PMWB_565.swls"
WAVE_ARC_PMWB_529		: AUTO, "PMWB_529.swls"
WAVE_ARC_PMWB_530		: AUTO, "PMWB_530.swls"
WAVE_ARC_PMWB_531		: AUTO, "PMWB_531.swls"
WAVE_ARC_PMWB_532		: AUTO, "PMWB_532.swls"
WAVE_ARC_PMWB_621		: AUTO, "PMWB_621.swls"
WAVE_ARC_PMWB_561		: AUTO, "PMWB_561.swls"
WAVE_ARC_PMWB_562		: AUTO, "PMWB_562.swls"
WAVE_ARC_PMWB_589		: AUTO, "PMWB_589.swls"
WAVE_ARC_PMWB_630		: AUTO, "PMWB_630.swls"
WAVE_ARC_PMWB_631		: AUTO, "PMWB_631.swls"
WAVE_ARC_PMWB_629		: AUTO, "PMWB_629.swls"
WAVE_ARC_PMWB_634		: AUTO, "PMWB_634.swls"
WAVE_ARC_PMWB_635		: AUTO, "PMWB_635.swls"
WAVE_ARC_PMWB_582		: AUTO, "PMWB_582.swls"
WAVE_ARC_PMWB_632		: AUTO, "PMWB_632.swls"
WAVE_ARC_PMWB_633		: AUTO, "PMWB_633.swls"
WAVE_ARC_PMWB_566		: AUTO, "PMWB_566.swls"
WAVE_ARC_PMWB_567		: AUTO, "PMWB_567.swls"
WAVE_ARC_PMWB_636		: AUTO, "PMWB_636.swls"
WAVE_ARC_PMWB_639		: AUTO, "PMWB_639.swls"
WAVE_ARC_PMWB_640		: AUTO, "PMWB_640.swls"
WAVE_ARC_PMWB_641		: AUTO, "PMWB_641.swls"
WAVE_ARC_PMWB_642		: AUTO, "PMWB_642.swls"
WAVE_ARC_PMWB_643		: AUTO, "PMWB_643.swls"
WAVE_ARC_PMWB_644		: AUTO, "PMWB_644.swls"
WAVE_ARC_PMWB_645		: AUTO, "PMWB_645.swls"
WAVE_ARC_PMWB_646		: AUTO, "PMWB_646.swls"
WAVE_ARC_PMWB_647		: AUTO, "PMWB_647.swls"
WAVE_ARC_PMWB_648		: AUTO, "PMWB_648.swls"
WAVE_ARC_PMWB_649		: AUTO, "PMWB_649.swls"
WAVE_ARC_PMWB_650		: AUTO, "PMWB_650.swls"
WAVE_ARC_PMWB_651		: AUTO, "PMWB_651.swls"
WAVE_ARC_PMWB_652		: AUTO, "PMWB_652.swls"
WAVE_ARC_PMWB_653		: AUTO, "PMWB_653.swls"
WAVE_ARC_PMWB_654		: AUTO, "PMWB_654.swls"
WAVE_ARC_PMWB_655		: AUTO, "PMWB_655.swls"
WAVE_ARC_PMWB_656		: AUTO, "PMWB_656.swls"
WAVE_ARC_PMWB_657		: AUTO, "PMWB_657.swls"
