#==================================================================================================
#
#	narc用リスト生成ファイル
#
#	arc_tool.datから変更しました
#	
#	○記述方法
#	　以前は、enum定義とnarcファイルの所在を別々に記述していましたが、それを１行で書くようになりました
#     enum定義名　narcファイルの所在
#     の順序で記入してください（区切り文字は、スペースタブどちらも使用可です）
#     narcファイルの所在は”（ダブルクォーテーション）で囲ってください
#    （本当はなくてもよかったんですが、以前の書式にあわせました）
#     また、パーソナルのように、2バージョンでenum定義は1つだけど、narcファイルは2つある場合は、
#     $バージョンラベル	enum定義名　narcファイルの所在
#     の順序で記入してください（一致するバージョンの方だけリストに追加されます）
#	  バージョンラベルの前に＄記号を忘れないようにしてください（＄の有無で判定しているため）
#     また、＃を書くとそれ以降はコメントとして無視するようになっています
#
#   ○生成方法
#     Makeすることで自動生成されるようになっていますので、このファイルに記述するだけで、結構です
#     また、以前は、ROMにバイナリをリンクするためにMakefileのFILE_TREE定義に
#     narcファイルの所在をこのリストとは別に追記していたと思いますが、
#     Makeすることで、FILE_TREE定義にも追加するようになっていますので、
#     単純にこのファイルに記述するだけで、OKになりました
#
#     疑問、質問は、曽我部まで
#
#==================================================================================================

#==================================================================================================
#
#ex) メニュー画面グラフィックを追加
#	ARCID_MENU	"menu.narc"	#メニュー画面
#
#ex) タイトル画面グラフィックを追加
#	$VERSION_BLACK	ARCID_TITLE	"title_b.narc"	#ブラック版タイトル
#	$VERSION_WHITE	ARCID_TITLE	"title_w.narc"	#ホワイト版タイトル
#
#==================================================================================================

	ARCID_FATAL_ERROR	"test_graphic/fatal_error.narc"	#fatalエラー画面表示
	ARCID_D_TAYA		"test_graphic/d_taya.narc"		#
	ARCID_SAMPLE		"test_graphic/test3d.narc"		#
	ARCID_MAPOBJ		"test_graphic/mapobj.narc"		#
	ARCID_EFFECT		"test_graphic/spaEffect.narc"	#
	ARCID_FLDACT		"test_graphic/fld_act.narc"		#
	ARCID_FLDMAP		"test_graphic/fld_map.narc"		#
	ARCID_FLDBLD		"test_graphic/build_model.narc"	#
	ARCID_TEST3D		"test_graphic/test3d.narc"		#
	ARCID_SAMPLEMAP		"test_graphic/sample_map.narc"	#
	ARCID_GSMAP			"test_graphic/land_data.narc"	#
	ARCID_GSTEX			"test_graphic/map_tex_set.narc"	#
	ARCID_TEST3DP		"test_graphic/test3dp.narc"	#
	ARCID_TEST3DP2		"test_graphic/test3dp2.narc"	#
	ARCID_LOOPBRIDGE	"test_graphic/loopbridge.narc"
	ARCID_WMI			"wmi.narc"	# 通信アイコン
	ARCID_LAYOUT		"layout.narc"	# レイアウトエディタから吐き出したもの
	ARCID_D_GOTO		"test_graphic/d_goto.narc"		#
	ARCID_MESSAGE		"message.narc"		# メッセージデータ
	ARCID_FLDMAP_SAMPLE "test_graphic/fieldmap_sample.narc" #
	ARCID_FLDMAP_MAPDATA "test_graphic/fieldmap_map.narc"   #
	ARCID_FLDMAP_ACTOR   "test_graphic/fieldmap_act.narc"   #
	ARCID_GSOBJ			"test_graphic/bm_field.narc"	#
	ARCID_GSOBJANM		"test_graphic/bm_anime.narc"	#
	ARCID_GSOBJTEX		"test_graphic/areabm_texset.narc"	#
	ARCID_GSOBJANMTBL	"test_graphic/bm_info_out.narc"	#
	ARCID_GSAREAOBJ		"test_graphic/area_build.narc"	#
	ARCID_POKEGRA		"pokegra/pokegra_wb.narc"	#
	ARCID_FLDMAP_WINFRAME "test_graphic/winframe.narc"   # ウィンドウフレーム
	ARCID_FLDMAP_MENU_GRA "test_graphic/menu_gra.narc"   # メニューグラフィック
	ARCID_FLDMAP_TESTGRIDMAP_ATTR "test_graphic/testgridmap_a.narc" #テストマップ
	ARCID_FLDMAP_TEST3DP	"test_graphic/fldmap3dp.narc" #テストマップ
	ARCID_PTC			"spa.narc" #ニンテンパーティクル
	ARCID_ICON_PL		"poke_icon_pl.narc" #プラチナのアイコンAriizumi
	ARCID_MB_TEST		"test_graphic/mb_test.narc"		#マルチブートテスト用(親
	ARCID_FLDMAP_LANDDATA "test_graphic/map_land_data.narc" #フィールドマップ地形データ
	ARCID_FLDMAP_MAPMATRIX "test_graphic/map_matrix.narc" #フィールドマップマトリクス
	ARCID_BATTGRA		"battgra/battgra_wb.narc"	#
	ARCID_ZONEDATA		"fieldmap/zonedata.narc"		#ゾーン毎データ
	ARCID_ALLBUILDMODEL	"fieldmap/all_build_model.narc"	#全配置モデルデータ
	ARCID_PERSONAL		"personal/personal.narc"		#パーソナルデータ
	ARCID_GROW_TBL		"personal/growtbl.narc"			#成長曲線テーブル
	ARCID_WOTBL			"personal/wotbl.narc"			#技覚えテーブル
	ARCID_WAZA_TBL		"waza_tbl/waza_tbl.narc"			#技テーブル
	ARCID_NET_ERR		"net_err.narc"					#通信エラー画面
	ARCID_FONT		"font/font.narc"		# フォントデータ

